// Jest Snapshot v1, https://goo.gl/fbAQLP

exports[`IF children Should match snapshot 1`] = `"a"`;
